ok - colour round trip: hex → oklch → hex within 1/255
ok - out-of-gamut oklch is mapped by dropping chroma, never NaN
ok - 18 curated themes, each a complete kit (the sixteen on offer and the Secret pair; 1.9 added Sketch and Arcade)
ok - 1.11: light and pink keep v1's primary tokens exactly; Dark is recoloured in place
ok - 1.11: the brand palette is the kits', and the accent clears its floors on both defaults
ok - 1.9: --done-2 clears 4.5:1 on --ink-3 in every kit and in a theme you make, styles.css lifts a dragged line into it, and Pink's accent text clears the same bar (proposal 29)
ok - 1.9: the twelve packs across the curated kits — every public pack on a kit, whistle and kalimba among them; Sketch and Arcade are a day/night pair through the same floors; the pin table is exactly the kits whose pack changed
ok - 1.7: every curated kit's accent text and danger clear 4.5:1 and its accent 3:1 on the elevated surface too (the originals keep their tokens)
ok - best-fit sound packs: Paper types, Forest drops marbles, Harbor whistles (pops until 1.9), the originals keep theirs
ok - every curated theme meets the contrast floors
ok - custom derivation meets the floors for 2000 random accents on both bases
ok - surprise me always passes and stays inside the tasteful ranges
ok - codes round-trip for curated and custom themes
ok - a theme you make carries a sound pack: T2 codes round-trip, T1 codes still import and get the hue rule
ok - normalizeHex
ok - every family a pair names is self-hosted: declared in styles.css and present in fonts/
ok - pair auto-pick varies with base and warmth
ok - cssText contains every token once and a color-scheme
ok - every curated theme leans day or night and names a partner that names it back; the pairs are the designed ones
ok - the two 1.2 kits reach the curated bar and share their partner's DNA: Blush is Pink's day (with its own pop since 1.9), Teletype is Terminal's day
ok - the partner of a theme you make: same accent and pack, flipped base, a chosen pair kept and an automatic one re-picked; it round-trips
ok - the Secret pair reaches the curated bar: two complete kits, partners of each other, in neither open group
ok - every other kit keeps the default progress bar, and it is the fallback styles.css paints the first frame with
ok - the key is a key, not a theme code: trimmed, case-insensitive, and parseCode has never heard of it
ok - migration: a by-hand device keeps its theme in the slot matching its base, the other slot gets the partner
ok - migration: Follow system becomes With the system with both slots carried over; the theme on screen does not change
ok - migration: the schedule becomes On a schedule with its themes and times; the clock decides as before
ok - 1.11: a fresh device gets Paper by day and Terminal by night, with the system
ok - the hold rule: a manual flip under an automation holds until the automation next switches, then it resumes
ok - the switch: turning an automation off keeps what is on; turning one on forgets a hold
ok - the crossfade: colours interpolate in OKLab, the rest swaps at the midpoint, the ends are the themes themselves

31 theme tests passed
